<?xml version="1.0" encoding="utf-8"?><testsuites name="pytest tests"><testsuite name="pytest" errors="0" failures="0" skipped="0" tests="12" time="1.413" timestamp="2026-10-08T18:30:42.585356+05:30" hostname="LAPTOP-6PJI4U5H"><testcase classname="github-publication.2026-10-08.python-project-showcase.test_showcase" name="test_expense_amounts[nan]" time="0.003" /><testcase classname="github-publication.2026-10-08.python-project-showcase.test_showcase" name="test_expense_amounts[inf]" time="0.001" /><testcase classname="github-publication.2026-10-08.python-project-showcase.test_showcase" name="test_expense_amounts[-1]" time="0.001" /><testcase classname="github-publication.2026-10-08.python-project-showcase.test_showcase" name="test_expense_amounts[1.001]" time="0.001" /><testcase classname="github-publication.2026-10-08.python-project-showcase.test_showcase" name="test_expense_csv" time="0.019" /><testcase classname="github-publication.2026-10-08.python-project-showcase.test_showcase" name="test_book_api_identity_and_persistence" time="0.125" /><testcase classname="github-publication.2026-10-08.python-project-showcase.test_showcase" name="test_invoice_pdf_and_validation" time="0.192" /><testcase classname="github-publication.2026-10-08.python-project-showcase.test_showcase" name="test_invoice_invalid[nan]" time="0.003" /><testcase classname="github-publication.2026-10-08.python-project-showcase.test_showcase" name="test_invoice_invalid[inf]" time="0.004" /><testcase classname="github-publication.2026-10-08.python-project-showcase.test_showcase" name="test_invoice_invalid[-2]" time="0.003" /><testcase classname="github-publication.2026-10-08.python-project-showcase.test_showcase" name="test_invoice_invalid[1.001]" time="0.003" /><testcase classname="github-publication.2026-10-08.python-project-showcase.test_showcase" name="test_portfolio_escape_and_output" time="0.048" /></testsuite></testsuites>